

================================================================
== Vivado HLS Report for 'exp_generic_double_s'
================================================================
* Date:           Tue Sep 13 00:38:29 2022

* Version:        2019.2 (Build 2704478 on Wed Nov 06 22:10:23 MST 2019)
* Project:        cg4002
* Solution:       solution1
* Product family: zynquplus
* Target device:  xczu3eg-sbva484-1-i


================================================================
== Performance Estimates
================================================================
+ Timing: 
    * Summary: 
    +--------+----------+----------+------------+
    |  Clock |  Target  | Estimated| Uncertainty|
    +--------+----------+----------+------------+
    |ap_clk  | 10.00 ns | 8.655 ns |   1.25 ns  |
    +--------+----------+----------+------------+

+ Latency: 
    * Summary: 
    +---------+---------+-----------+-----------+-----+-----+----------+
    |  Latency (cycles) |   Latency (absolute)  |  Interval | Pipeline |
    |   min   |   max   |    min    |    max    | min | max |   Type   |
    +---------+---------+-----------+-----------+-----+-----+----------+
    |        6|        6| 60.000 ns | 60.000 ns |    1|    1| function |
    +---------+---------+-----------+-----------+-----+-----+----------+

    + Detail: 
        * Instance: 
        N/A

        * Loop: 
        N/A



================================================================
== Utilization Estimates
================================================================
* Summary: 
+-----------------+---------+-------+--------+-------+-----+
|       Name      | BRAM_18K| DSP48E|   FF   |  LUT  | URAM|
+-----------------+---------+-------+--------+-------+-----+
|DSP              |        -|      1|       -|      -|    -|
|Expression       |        -|     23|       0|   2498|    -|
|FIFO             |        -|      -|       -|      -|    -|
|Instance         |        -|      -|       -|      -|    -|
|Memory           |        5|      -|       0|      0|    -|
|Multiplexer      |        -|      -|       -|      -|    -|
|Register         |        2|      -|    1011|    225|    -|
+-----------------+---------+-------+--------+-------+-----+
|Total            |        7|     24|    1011|   2723|    0|
+-----------------+---------+-------+--------+-------+-----+
|Available        |      432|    360|  141120|  70560|    0|
+-----------------+---------+-------+--------+-------+-----+
|Utilization (%)  |        1|      6|   ~0   |      3|    0|
+-----------------+---------+-------+--------+-------+-----+

+ Detail: 
    * Instance: 
    N/A

    * DSP48E: 
    +-------------------------+----------------------+--------------+
    |         Instance        |        Module        |  Expression  |
    +-------------------------+----------------------+--------------+
    |myip_v1_0_HLS_maceOg_U1  |myip_v1_0_HLS_maceOg  | i0 * i1 + i2 |
    +-------------------------+----------------------+--------------+

    * Memory: 
    +------------------------+----------------------+---------+---+----+-----+------+-----+------+-------------+
    |         Memory         |        Module        | BRAM_18K| FF| LUT| URAM| Words| Bits| Banks| W*Bits*Banks|
    +------------------------+----------------------+---------+---+----+-----+------+-----+------+-------------+
    |table_exp_Z1_array_s_U  |exp_generic_doublbkb  |        2|  0|   0|    0|   256|   58|     1|        14848|
    |table_f_Z3_array_V_U    |exp_generic_doublcud  |        1|  0|   0|    0|   256|   26|     1|         6656|
    |table_f_Z2_array_V_U    |exp_generic_doubldEe  |        2|  0|   0|    0|   256|   42|     1|        10752|
    +------------------------+----------------------+---------+---+----+-----+------+-----+------+-------------+
    |Total                   |                      |        5|  0|   0|    0|   768|  126|     3|        32256|
    +------------------------+----------------------+---------+---+----+-----+------+-----+------+-------------+

    * FIFO: 
    N/A

    * Expression: 
    +---------------------------+----------+-------+---+-----+------------+------------+
    |       Variable Name       | Operation| DSP48E| FF| LUT | Bitwidth P0| Bitwidth P1|
    +---------------------------+----------+-------+---+-----+------------+------------+
    |r_V_15_fu_561_p2           |     *    |      4|  0|   71|          71|          13|
    |r_V_16_fu_694_p2           |     *    |      4|  0|   22|          36|          43|
    |r_V_17_fu_763_p2           |     *    |      6|  0|   20|          44|          49|
    |r_V_18_fu_853_p2           |     *    |      9|  0|   21|          50|          50|
    |add_ln1146_1_fu_893_p2     |     +    |      0|  0|  114|         107|         107|
    |add_ln657_2_fu_798_p2      |     +    |      0|  0|   51|          44|          44|
    |add_ln657_fu_714_p2        |     +    |      0|  0|   43|          36|          36|
    |add_ln805_fu_508_p2        |     +    |      0|  0|   20|           1|          13|
    |exp_Z1P_m_1_l_V_fu_808_p2  |     +    |      0|  0|   59|          52|          52|
    |exp_Z2P_m_1_V_fu_730_p2    |     +    |      0|  0|   51|          44|          44|
    |m_exp_fu_321_p2            |     +    |      0|  0|   19|          11|          12|
    |out_exp_V_fu_993_p2        |     +    |      0|  0|   18|          10|          11|
    |r_exp_V_fu_907_p2          |     +    |      0|  0|   20|           2|          13|
    |ret_V_4_fu_671_p2          |     +    |      0|  0|   43|          36|          36|
    |ret_V_6_fu_841_p2          |     +    |      0|  0|   66|           5|          59|
    |ret_V_7_fu_887_p2          |     +    |      0|  0|  115|         108|         108|
    |e_frac_V_fu_335_p2         |     -    |      0|  0|   61|           1|          54|
    |ret_V_3_fu_592_p2          |     -    |      0|  0|   80|          73|          73|
    |sub_ln1311_fu_369_p2       |     -    |      0|  0|   18|          10|          11|
    |and_ln18_fu_311_p2         |    and   |      0|  0|    2|           1|           1|
    |and_ln209_fu_299_p2        |    and   |      0|  0|    2|           1|           1|
    |and_ln338_1_fu_1061_p2     |    and   |      0|  0|    2|           1|           1|
    |and_ln338_fu_1019_p2       |    and   |      0|  0|    2|           1|           1|
    |and_ln849_fu_1029_p2       |    and   |      0|  0|    2|           1|           1|
    |ap_block_pp0_stage0_11001  |    and   |      0|  0|    2|           1|           1|
    |sel_tmp16_fu_1089_p2       |    and   |      0|  0|    2|           1|           1|
    |sel_tmp5_fu_1041_p2        |    and   |      0|  0|    2|           1|           1|
    |tmp19_fu_1083_p2           |    and   |      0|  0|    2|           1|           1|
    |x_is_pinf_fu_1100_p2       |    and   |      0|  0|    2|           1|           1|
    |r_V_4_fu_443_p2            |   ashr   |      0|  0|  179|          64|          64|
    |r_V_fu_399_p2              |   ashr   |      0|  0|  174|          61|          61|
    |icmp_ln338_1_fu_552_p2     |   icmp   |      0|  0|   50|          71|          71|
    |icmp_ln338_fu_530_p2       |   icmp   |      0|  0|   13|          12|           1|
    |icmp_ln805_fu_502_p2       |   icmp   |      0|  0|   20|          18|           1|
    |icmp_ln833_3_fu_305_p2     |   icmp   |      0|  0|   29|          52|           1|
    |icmp_ln833_fu_287_p2       |   icmp   |      0|  0|   13|          11|           2|
    |icmp_ln837_fu_293_p2       |   icmp   |      0|  0|   29|          52|           1|
    |icmp_ln849_fu_929_p2       |   icmp   |      0|  0|    9|           3|           1|
    |icmp_ln853_fu_955_p2       |   icmp   |      0|  0|   13|          13|          11|
    |or_ln214_1_fu_834_p2       |    or    |      0|  0|    2|           1|           1|
    |or_ln214_fu_1105_p2        |    or    |      0|  0|    2|           1|           1|
    |or_ln338_fu_935_p2         |    or    |      0|  0|    2|           1|           1|
    |or_ln849_1_fu_1066_p2      |    or    |      0|  0|    2|           1|           1|
    |or_ln849_2_fu_1077_p2      |    or    |      0|  0|    2|           1|           1|
    |or_ln849_fu_1035_p2        |    or    |      0|  0|    2|           1|           1|
    |ap_return                  |  select  |      0|  0|   56|           1|           1|
    |m_exp_2_fu_379_p3          |  select  |      0|  0|   12|           1|          12|
    |r_V_13_fu_415_p3           |  select  |      0|  0|   70|           1|          71|
    |r_exp_V_2_fu_912_p3        |  select  |      0|  0|   13|           1|          13|
    |r_exp_V_3_fu_522_p3        |  select  |      0|  0|   13|           1|          13|
    |sel_tmp6_fu_1047_p3        |  select  |      0|  0|   56|           1|          64|
    |select_ln1322_fu_536_p3    |  select  |      0|  0|   56|           1|          64|
    |select_ln214_1_fu_1117_p3  |  select  |      0|  0|   56|           1|          64|
    |select_ln214_2_fu_1125_p3  |  select  |      0|  0|   56|           1|          64|
    |select_ln214_fu_1110_p3    |  select  |      0|  0|   56|           1|          63|
    |select_ln253_fu_341_p3     |  select  |      0|  0|   55|           1|          54|
    |select_ln339_fu_947_p3     |  select  |      0|  0|   56|           1|           1|
    |select_ln805_fu_514_p3     |  select  |      0|  0|   13|           1|          13|
    |tmp_V_4_fu_981_p3          |  select  |      0|  0|   55|           1|          52|
    |r_V_1_fu_409_p2            |    shl   |      0|  0|  211|          71|          71|
    |r_V_3_fu_437_p2            |    shl   |      0|  0|  179|          64|          64|
    |ap_enable_pp0              |    xor   |      0|  0|    2|           1|           2|
    |xor_ln214_fu_1013_p2       |    xor   |      0|  0|    2|           1|           2|
    |xor_ln338_1_fu_1055_p2     |    xor   |      0|  0|    2|           1|           2|
    |xor_ln338_fu_1024_p2       |    xor   |      0|  0|    2|           1|           2|
    |xor_ln849_fu_1071_p2       |    xor   |      0|  0|    2|           1|           2|
    |xor_ln936_fu_1095_p2       |    xor   |      0|  0|    2|           1|           2|
    +---------------------------+----------+-------+---+-----+------------+------------+
    |Total                      |          |     23|  0| 2498|        1269|        1754|
    +---------------------------+----------+-------+---+-----+------------+------------+

    * Multiplexer: 
    N/A

    * Register: 
    +------------------------------------+----+----+-----+-----------+
    |                Name                | FF | LUT| Bits| Const Bits|
    +------------------------------------+----+----+-----+-----------+
    |Z2_V_reg_1202                       |   8|   0|    8|          0|
    |Z3_V_reg_1209                       |   8|   0|    8|          0|
    |Z3_V_reg_1209_pp0_iter2_reg         |   8|   0|    8|          0|
    |Z4_V_reg_1215                       |  35|   0|   35|          0|
    |Z4_V_reg_1215_pp0_iter2_reg         |  35|   0|   35|          0|
    |Z4_ind_V_reg_1220                   |   8|   0|    8|          0|
    |add_ln657_reg_1245                  |  36|   0|   36|          0|
    |and_ln18_reg_1161                   |   1|   0|    1|          0|
    |and_ln209_reg_1154                  |   1|   0|    1|          0|
    |ap_CS_fsm                           |   1|   0|    1|          0|
    |ap_enable_reg_pp0_iter1             |   1|   0|    1|          0|
    |ap_enable_reg_pp0_iter2             |   1|   0|    1|          0|
    |ap_enable_reg_pp0_iter3             |   1|   0|    1|          0|
    |ap_enable_reg_pp0_iter4             |   1|   0|    1|          0|
    |ap_enable_reg_pp0_iter5             |   1|   0|    1|          0|
    |ap_enable_reg_pp0_iter6             |   1|   0|    1|          0|
    |exp_Z1P_m_1_V_reg_1260              |  50|   0|   50|          0|
    |exp_Z1_V_reg_1255                   |  58|   0|   58|          0|
    |exp_Z1_hi_V_reg_1265                |  50|   0|   50|          0|
    |icmp_ln338_1_reg_1192               |   1|   0|    1|          0|
    |icmp_ln338_reg_1184                 |   1|   0|    1|          0|
    |m_diff_hi_V_reg_1197                |   8|   0|    8|          0|
    |m_diff_hi_V_reg_1197_pp0_iter2_reg  |   8|   0|    8|          0|
    |or_ln214_1_reg_1270                 |   1|   0|    1|          0|
    |p_Result_22_reg_1149                |   1|   0|    1|          0|
    |r_V_13_reg_1172                     |  71|   0|   71|          0|
    |r_exp_V_3_reg_1177                  |  13|   0|   13|          0|
    |sel_tmp16_reg_1280                  |   1|   0|    1|          0|
    |sel_tmp6_reg_1275                   |  63|   0|   64|          1|
    |select_ln253_reg_1167               |  54|   0|   54|          0|
    |tmp_i_reg_1240                      |  34|   0|   43|          9|
    |Z2_V_reg_1202                       |  64|  32|    8|          0|
    |and_ln18_reg_1161                   |  64|  32|    1|          0|
    |and_ln209_reg_1154                  |  64|  32|    1|          0|
    |icmp_ln338_1_reg_1192               |  64|  32|    1|          0|
    |icmp_ln338_reg_1184                 |  64|  32|    1|          0|
    |p_Result_22_reg_1149                |  64|  32|    1|          0|
    |r_exp_V_3_reg_1177                  |  64|  32|   13|          0|
    |select_ln253_reg_1167               |   2|   1|   54|          0|
    +------------------------------------+----+----+-----+-----------+
    |Total                               |1011| 225|  651|         10|
    +------------------------------------+----+----+-----+-----------+



================================================================
== Interface
================================================================
* Summary: 
+-----------+-----+-----+------------+---------------------+--------------+
| RTL Ports | Dir | Bits|  Protocol  |    Source Object    |    C Type    |
+-----------+-----+-----+------------+---------------------+--------------+
|ap_clk     |  in |    1| ap_ctrl_hs | exp_generic<double> | return value |
|ap_rst     |  in |    1| ap_ctrl_hs | exp_generic<double> | return value |
|ap_start   |  in |    1| ap_ctrl_hs | exp_generic<double> | return value |
|ap_done    | out |    1| ap_ctrl_hs | exp_generic<double> | return value |
|ap_idle    | out |    1| ap_ctrl_hs | exp_generic<double> | return value |
|ap_ready   | out |    1| ap_ctrl_hs | exp_generic<double> | return value |
|ap_return  | out |   64| ap_ctrl_hs | exp_generic<double> | return value |
|x          |  in |   64|   ap_none  |          x          |    scalar    |
+-----------+-----+-----+------------+---------------------+--------------+

