

================================================================
== Vivado HLS Report for 'myip_v1_0_HLS'
================================================================
* Date:           Sat Sep  3 13:47:18 2022

* Version:        2019.2 (Build 2704478 on Wed Nov 06 22:10:23 MST 2019)
* Project:        cg4002
* Solution:       solution1
* Product family: zynquplus
* Target device:  xczu3eg-sbva484-1-i


================================================================
== Performance Estimates
================================================================
+ Timing: 
    * Summary: 
    +--------+----------+----------+------------+
    |  Clock |  Target  | Estimated| Uncertainty|
    +--------+----------+----------+------------+
    |ap_clk  | 10.00 ns | 8.286 ns |   1.25 ns  |
    +--------+----------+----------+------------+

+ Latency: 
    * Summary: 
    +---------+---------+-----------+-----------+------+------+---------+
    |  Latency (cycles) |   Latency (absolute)  |   Interval  | Pipeline|
    |   min   |   max   |    min    |    max    |  min |  max |   Type  |
    +---------+---------+-----------+-----------+------+------+---------+
    |     2047|     2047| 20.470 us | 20.470 us |  2047|  2047|   none  |
    +---------+---------+-----------+-----------+------+------+---------+

    + Detail: 
        * Instance: 
        N/A

        * Loop: 
        +-------------------------+---------+---------+----------+-----------+-----------+------+----------+
        |                         |  Latency (cycles) | Iteration|  Initiation Interval  | Trip |          |
        |        Loop Name        |   min   |   max   |  Latency |  achieved |   target  | Count| Pipelined|
        +-------------------------+---------+---------+----------+-----------+-----------+------+----------+
        |- myip_v1_0_HLS_for1     |       36|       36|         1|          -|          -|    36|    no    |
        |- myip_v1_0_HLS_for2     |     1665|     1665|       333|          -|          -|     5|    no    |
        | + myip_v1_0_HLS_for2.1  |      324|      324|         9|          -|          -|    36|    no    |
        |- myip_v1_0_HLS_for3     |      324|      324|        54|          -|          -|     6|    no    |
        | + myip_v1_0_HLS_for3.1  |       45|       45|         9|          -|          -|     5|    no    |
        |- myip_v1_0_HLS_for4     |       18|       18|         3|          -|          -|     6|    no    |
        +-------------------------+---------+---------+----------+-----------+-----------+------+----------+



================================================================
== Utilization Estimates
================================================================
* Summary: 
+-----------------+---------+-------+--------+-------+-----+
|       Name      | BRAM_18K| DSP48E|   FF   |  LUT  | URAM|
+-----------------+---------+-------+--------+-------+-----+
|DSP              |        -|      -|       -|      -|    -|
|Expression       |        -|      -|       0|    329|    -|
|FIFO             |        -|      -|       -|      -|    -|
|Instance         |        -|      5|     421|    418|    -|
|Memory           |        2|      -|     224|     27|    0|
|Multiplexer      |        -|      -|       -|    378|    -|
|Register         |        -|      -|     414|      -|    -|
+-----------------+---------+-------+--------+-------+-----+
|Total            |        2|      5|    1059|   1152|    0|
+-----------------+---------+-------+--------+-------+-----+
|Available        |      432|    360|  141120|  70560|    0|
+-----------------+---------+-------+--------+-------+-----+
|Utilization (%)  |    ~0   |      1|   ~0   |      1|    0|
+-----------------+---------+-------+--------+-------+-----+

+ Detail: 
    * Instance: 
    +-------------------------+----------------------+---------+-------+-----+-----+-----+
    |         Instance        |        Module        | BRAM_18K| DSP48E|  FF | LUT | URAM|
    +-------------------------+----------------------+---------+-------+-----+-----+-----+
    |myip_v1_0_HLS_faddEe_U1  |myip_v1_0_HLS_faddEe  |        0|      2|  227|  214|    0|
    |myip_v1_0_HLS_fcmfYi_U3  |myip_v1_0_HLS_fcmfYi  |        0|      0|   66|   66|    0|
    |myip_v1_0_HLS_fmueOg_U2  |myip_v1_0_HLS_fmueOg  |        0|      3|  128|  138|    0|
    +-------------------------+----------------------+---------+-------+-----+-----+-----+
    |Total                    |                      |        0|      5|  421|  418|    0|
    +-------------------------+----------------------+---------+-------+-----+-----+-----+

    * DSP48E: 
    N/A

    * Memory: 
    +------------+----------------------+---------+----+----+-----+------+-----+------+-------------+
    |   Memory   |        Module        | BRAM_18K| FF | LUT| URAM| Words| Bits| Banks| W*Bits*Banks|
    +------------+----------------------+---------+----+----+-----+------+-----+------+-------------+
    |bias1_U     |myip_v1_0_HLS_bias1   |        0|  32|   3|    0|     5|   32|     1|          160|
    |bias2_U     |myip_v1_0_HLS_bias2   |        0|  32|   3|    0|     6|   32|     1|          192|
    |input_U     |myip_v1_0_HLS_input   |        1|   0|   0|    0|    36|   32|     1|         1152|
    |v_U         |myip_v1_0_HLS_v       |        0|  64|   3|    0|     5|   32|     1|          160|
    |v2_U        |myip_v1_0_HLS_v2      |        0|  64|   3|    0|     6|   32|     1|          192|
    |weights1_U  |myip_v1_0_HLS_weibkb  |        1|   0|   0|    0|   180|   32|     1|         5760|
    |weights2_U  |myip_v1_0_HLS_weicud  |        0|  32|  15|    0|    30|   32|     1|          960|
    +------------+----------------------+---------+----+----+-----+------+-----+------+-------------+
    |Total       |                      |        2| 224|  27|    0|   268|  224|     7|         8576|
    +------------+----------------------+---------+----+----+-----+------+-----+------+-------------+

    * FIFO: 
    N/A

    * Expression: 
    +-----------------------+----------+-------+---+----+------------+------------+
    |     Variable Name     | Operation| DSP48E| FF| LUT| Bitwidth P0| Bitwidth P1|
    +-----------------------+----------+-------+---+----+------------+------------+
    |add_ln51_1_fu_444_p2   |     +    |      0|  0|  13|           9|           9|
    |add_ln51_fu_438_p2     |     +    |      0|  0|  13|           9|           9|
    |add_ln67_fu_568_p2     |     +    |      0|  0|  13|           6|           6|
    |i_fu_411_p2            |     +    |      0|  0|  15|           6|           1|
    |word_cnt_4_fu_391_p2   |     +    |      0|  0|  11|           3|           1|
    |word_cnt_5_fu_635_p2   |     +    |      0|  0|  11|           3|           1|
    |word_cnt_6_fu_511_p2   |     +    |      0|  0|  11|           3|           1|
    |word_cnt_fu_369_p2     |     +    |      0|  0|  15|           6|           1|
    |x_fu_531_p2            |     +    |      0|  0|  11|           3|           1|
    |sub_ln67_fu_562_p2     |     -    |      0|  0|  13|           6|           6|
    |and_ln56_fu_490_p2     |    and   |      0|  0|   2|           1|           1|
    |and_ln72_fu_614_p2     |    and   |      0|  0|   2|           1|           1|
    |ap_block_state2        |    and   |      0|  0|   2|           1|           1|
    |icmp_ln43_fu_363_p2    |   icmp   |      0|  0|  11|           6|           6|
    |icmp_ln48_fu_385_p2    |   icmp   |      0|  0|   9|           3|           3|
    |icmp_ln50_fu_405_p2    |   icmp   |      0|  0|  11|           6|           6|
    |icmp_ln56_1_fu_478_p2  |   icmp   |      0|  0|  20|          23|           1|
    |icmp_ln56_fu_472_p2    |   icmp   |      0|  0|  11|           8|           2|
    |icmp_ln64_fu_505_p2    |   icmp   |      0|  0|   9|           3|           3|
    |icmp_ln66_fu_525_p2    |   icmp   |      0|  0|   9|           3|           3|
    |icmp_ln72_1_fu_602_p2  |   icmp   |      0|  0|  20|          23|           1|
    |icmp_ln72_fu_596_p2    |   icmp   |      0|  0|  11|           8|           2|
    |icmp_ln82_fu_629_p2    |   icmp   |      0|  0|   9|           3|           3|
    |tmp_last_fu_646_p2     |   icmp   |      0|  0|   9|           3|           3|
    |or_ln56_fu_484_p2      |    or    |      0|  0|   2|           1|           1|
    |or_ln72_fu_608_p2      |    or    |      0|  0|   2|           1|           1|
    |v2_d0                  |  select  |      0|  0|  32|           1|           1|
    |v_d0                   |  select  |      0|  0|  32|           1|           1|
    +-----------------------+----------+-------+---+----+------------+------------+
    |Total                  |          |      0|  0| 329|         150|          76|
    +-----------------------+----------+-------+---+----+------------+------------+

    * Multiplexer: 
    +--------------------+-----+-----------+-----+-----------+
    |        Name        | LUT | Input Size| Bits| Total Bits|
    +--------------------+-----+-----------+-----+-----------+
    |M_AXIS_TDATA_blk_n  |    9|          2|    1|          2|
    |S_AXIS_TDATA_blk_n  |    9|          2|    1|          2|
    |ap_NS_fsm           |  177|         40|    1|         40|
    |grp_fu_332_p0       |   15|          3|   32|         96|
    |grp_fu_332_p1       |   21|          4|   32|        128|
    |grp_fu_338_p0       |   15|          3|   32|         96|
    |grp_fu_338_p1       |   15|          3|   32|         96|
    |i_0_reg_276         |    9|          2|    6|         12|
    |input_address0      |   15|          3|    6|         18|
    |sum2_0_reg_298      |    9|          2|   32|         64|
    |sum_0_reg_264       |    9|          2|   32|         64|
    |v2_address0         |   15|          3|    3|          9|
    |v_address0          |   15|          3|    3|          9|
    |word_cnt_0_reg_242  |    9|          2|    6|         12|
    |word_cnt_1_reg_253  |    9|          2|    3|          6|
    |word_cnt_2_reg_287  |    9|          2|    3|          6|
    |word_cnt_3_reg_321  |    9|          2|    3|          6|
    |x_0_reg_310         |    9|          2|    3|          6|
    +--------------------+-----+-----------+-----+-----------+
    |Total               |  378|         82|  231|        672|
    +--------------------+-----+-----------+-----+-----------+

    * Register: 
    +-----------------------+----+----+-----+-----------+
    |          Name         | FF | LUT| Bits| Const Bits|
    +-----------------------+----+----+-----+-----------+
    |ap_CS_fsm              |  39|   0|   39|          0|
    |bias1_load_reg_712     |  32|   0|   32|          0|
    |bias2_load_reg_769     |  32|   0|   32|          0|
    |i_0_reg_276            |   6|   0|    6|          0|
    |i_reg_682              |   6|   0|    6|          0|
    |input_load_reg_707     |  32|   0|   32|          0|
    |reg_347                |  32|   0|   32|          0|
    |reg_358                |  32|   0|   32|          0|
    |sum2_0_reg_298         |  32|   0|   32|          0|
    |sum_0_reg_264          |  32|   0|   32|          0|
    |tmp_last_reg_787       |   1|   0|    1|          0|
    |v_load_reg_764         |  32|   0|   32|          0|
    |weights1_load_reg_702  |  32|   0|   32|          0|
    |weights2_load_reg_759  |  32|   0|   32|          0|
    |word_cnt_0_reg_242     |   6|   0|    6|          0|
    |word_cnt_1_reg_253     |   3|   0|    3|          0|
    |word_cnt_2_reg_287     |   3|   0|    3|          0|
    |word_cnt_3_reg_321     |   3|   0|    3|          0|
    |word_cnt_4_reg_663     |   3|   0|    3|          0|
    |word_cnt_5_reg_777     |   3|   0|    3|          0|
    |word_cnt_6_reg_720     |   3|   0|    3|          0|
    |x_0_reg_310            |   3|   0|    3|          0|
    |x_reg_739              |   3|   0|    3|          0|
    |zext_ln50_reg_674      |   3|   0|    9|          6|
    |zext_ln51_reg_668      |   3|   0|   64|         61|
    |zext_ln66_reg_731      |   3|   0|    6|          3|
    |zext_ln67_reg_725      |   3|   0|   64|         61|
    +-----------------------+----+----+-----+-----------+
    |Total                  | 414|   0|  545|        131|
    +-----------------------+----+----+-----+-----------+



================================================================
== Interface
================================================================
* Summary: 
+---------------+-----+-----+--------------+---------------+--------------+
|   RTL Ports   | Dir | Bits|   Protocol   | Source Object |    C Type    |
+---------------+-----+-----+--------------+---------------+--------------+
|ap_clk         |  in |    1| ap_ctrl_none | myip_v1_0_HLS | return value |
|ap_rst_n       |  in |    1| ap_ctrl_none | myip_v1_0_HLS | return value |
|S_AXIS_TDATA   |  in |   32|     axis     | S_AXIS_V_data |    pointer   |
|S_AXIS_TVALID  |  in |    1|     axis     | S_AXIS_V_last |    pointer   |
|S_AXIS_TREADY  | out |    1|     axis     | S_AXIS_V_last |    pointer   |
|S_AXIS_TLAST   |  in |    1|     axis     | S_AXIS_V_last |    pointer   |
|M_AXIS_TDATA   | out |   32|     axis     | M_AXIS_V_data |    pointer   |
|M_AXIS_TVALID  | out |    1|     axis     | M_AXIS_V_last |    pointer   |
|M_AXIS_TREADY  |  in |    1|     axis     | M_AXIS_V_last |    pointer   |
|M_AXIS_TLAST   | out |    1|     axis     | M_AXIS_V_last |    pointer   |
+---------------+-----+-----+--------------+---------------+--------------+

