

================================================================
== Vivado HLS Report for 'myip_v1_0_HLS'
================================================================
* Date:           Wed Nov  9 22:38:42 2022

* Version:        2019.2 (Build 2704478 on Wed Nov 06 22:10:23 MST 2019)
* Project:        cg4002
* Solution:       solution1
* Product family: zynquplus
* Target device:  xczu3eg-sbva484-1-i


================================================================
== Performance Estimates
================================================================
+ Timing: 
    * Summary: 
    +--------+----------+-----------+------------+
    |  Clock |  Target  | Estimated | Uncertainty|
    +--------+----------+-----------+------------+
    |ap_clk  | 15.00 ns | 13.857 ns |   1.88 ns  |
    +--------+----------+-----------+------------+

+ Latency: 
    * Summary: 
    +---------+---------+----------+----------+-------+-------+---------+
    |  Latency (cycles) |  Latency (absolute) |    Interval   | Pipeline|
    |   min   |   max   |    min   |    max   |  min  |  max  |   Type  |
    +---------+---------+----------+----------+-------+-------+---------+
    |    25836|    25836| 0.388 ms | 0.388 ms |  25836|  25836|   none  |
    +---------+---------+----------+----------+-------+-------+---------+

    + Detail: 
        * Instance: 
        N/A

        * Loop: 
        +----------------------+---------+---------+----------+-----------+-----------+------+----------+
        |                      |  Latency (cycles) | Iteration|  Initiation Interval  | Trip |          |
        |       Loop Name      |   min   |   max   |  Latency |  achieved |   target  | Count| Pipelined|
        +----------------------+---------+---------+----------+-----------+-----------+------+----------+
        |- myip_v1_0_HLS_for1  |       42|       42|         1|          -|          -|    42|    no    |
        |- myip_v1_0_HLS_for2  |    23048|    23048|       134|          -|          -|   172|    no    |
        |- myip_v1_0_HLS_for3  |     2620|     2620|       524|          -|          -|     5|    no    |
        |- myip_v1_0_HLS_for5  |       15|       15|         3|          -|          -|     5|    no    |
        +----------------------+---------+---------+----------+-----------+-----------+------+----------+



================================================================
== Utilization Estimates
================================================================
* Summary: 
+-----------------+---------+-------+--------+-------+-----+
|       Name      | BRAM_18K| DSP48E|   FF   |  LUT  | URAM|
+-----------------+---------+-------+--------+-------+-----+
|DSP              |        -|      -|       -|      -|    -|
|Expression       |        -|      -|       0|   2562|    -|
|FIFO             |        -|      -|       -|      -|    -|
|Instance         |        -|     35|    1651|   1782|    -|
|Memory           |       59|      -|      96|      6|    0|
|Multiplexer      |        -|      -|       -|   5388|    -|
|Register         |        -|      -|    8482|      -|    -|
+-----------------+---------+-------+--------+-------+-----+
|Total            |       59|     35|   10229|   9738|    0|
+-----------------+---------+-------+--------+-------+-----+
|Available        |      432|    360|  141120|  70560|    0|
+-----------------+---------+-------+--------+-------+-----+
|Utilization (%)  |       13|      9|       7|     13|    0|
+-----------------+---------+-------+--------+-------+-----+

+ Detail: 
    * Instance: 
    +--------------------------+----------------------+---------+-------+-----+-----+-----+
    |         Instance         |        Module        | BRAM_18K| DSP48E|  FF | LUT | URAM|
    +--------------------------+----------------------+---------+-------+-----+-----+-----+
    |myip_v1_0_HLS_fadShg_U1   |myip_v1_0_HLS_fadShg  |        0|      2|  177|  198|    0|
    |myip_v1_0_HLS_fcmUhA_U13  |myip_v1_0_HLS_fcmUhA  |        0|      0|   66|   66|    0|
    |myip_v1_0_HLS_fmuThq_U2   |myip_v1_0_HLS_fmuThq  |        0|      3|  128|  138|    0|
    |myip_v1_0_HLS_fmuThq_U3   |myip_v1_0_HLS_fmuThq  |        0|      3|  128|  138|    0|
    |myip_v1_0_HLS_fmuThq_U4   |myip_v1_0_HLS_fmuThq  |        0|      3|  128|  138|    0|
    |myip_v1_0_HLS_fmuThq_U5   |myip_v1_0_HLS_fmuThq  |        0|      3|  128|  138|    0|
    |myip_v1_0_HLS_fmuThq_U6   |myip_v1_0_HLS_fmuThq  |        0|      3|  128|  138|    0|
    |myip_v1_0_HLS_fmuThq_U7   |myip_v1_0_HLS_fmuThq  |        0|      3|  128|  138|    0|
    |myip_v1_0_HLS_fmuThq_U8   |myip_v1_0_HLS_fmuThq  |        0|      3|  128|  138|    0|
    |myip_v1_0_HLS_fmuThq_U9   |myip_v1_0_HLS_fmuThq  |        0|      3|  128|  138|    0|
    |myip_v1_0_HLS_fmuThq_U10  |myip_v1_0_HLS_fmuThq  |        0|      3|  128|  138|    0|
    |myip_v1_0_HLS_fmuThq_U11  |myip_v1_0_HLS_fmuThq  |        0|      3|  128|  138|    0|
    |myip_v1_0_HLS_fmuThq_U12  |myip_v1_0_HLS_fmuThq  |        0|      3|  128|  138|    0|
    +--------------------------+----------------------+---------+-------+-----+-----+-----+
    |Total                     |                      |        0|     35| 1651| 1782|    0|
    +--------------------------+----------------------+---------+-------+-----+-----+-----+

    * DSP48E: 
    N/A

    * Memory: 
    +---------------+----------------------+---------+----+----+-----+------+-----+------+-------------+
    |     Memory    |        Module        | BRAM_18K| FF | LUT| URAM| Words| Bits| Banks| W*Bits*Banks|
    +---------------+----------------------+---------+----+----+-----+------+-----+------+-------------+
    |bias1_U        |myip_v1_0_HLS_bias1   |        1|   0|   0|    0|   172|   32|     1|         5504|
    |bias2_U        |myip_v1_0_HLS_bias2   |        0|  32|   3|    0|     5|   32|     1|          160|
    |input_U        |myip_v1_0_HLS_input   |        2|   0|   0|    0|    42|   32|     1|         1344|
    |v_U            |myip_v1_0_HLS_v       |        2|   0|   0|    0|   172|   32|     1|         5504|
    |v2_U           |myip_v1_0_HLS_v2      |        0|  64|   3|    0|     5|   32|     1|          160|
    |weights1_25_U  |myip_v1_0_HLS_weiAem  |        1|   0|   0|    0|   172|   32|     1|         5504|
    |weights1_26_U  |myip_v1_0_HLS_weiBew  |        1|   0|   0|    0|   172|   32|     1|         5504|
    |weights1_27_U  |myip_v1_0_HLS_weiCeG  |        1|   0|   0|    0|   172|   32|     1|         5504|
    |weights1_28_U  |myip_v1_0_HLS_weiDeQ  |        1|   0|   0|    0|   172|   32|     1|         5504|
    |weights1_29_U  |myip_v1_0_HLS_weiEe0  |        1|   0|   0|    0|   172|   32|     1|         5504|
    |weights1_30_U  |myip_v1_0_HLS_weiFfa  |        1|   0|   0|    0|   172|   32|     1|         5504|
    |weights1_31_U  |myip_v1_0_HLS_weiGfk  |        1|   0|   0|    0|   172|   32|     1|         5504|
    |weights1_32_U  |myip_v1_0_HLS_weiHfu  |        1|   0|   0|    0|   172|   32|     1|         5504|
    |weights1_33_U  |myip_v1_0_HLS_weiIfE  |        1|   0|   0|    0|   172|   32|     1|         5504|
    |weights1_34_U  |myip_v1_0_HLS_weiJfO  |        1|   0|   0|    0|   172|   32|     1|         5504|
    |weights1_35_U  |myip_v1_0_HLS_weiKfY  |        1|   0|   0|    0|   172|   32|     1|         5504|
    |weights1_36_U  |myip_v1_0_HLS_weiLf8  |        1|   0|   0|    0|   172|   32|     1|         5504|
    |weights1_37_U  |myip_v1_0_HLS_weiMgi  |        1|   0|   0|    0|   172|   32|     1|         5504|
    |weights1_38_U  |myip_v1_0_HLS_weiNgs  |        1|   0|   0|    0|   172|   32|     1|         5504|
    |weights1_39_U  |myip_v1_0_HLS_weiOgC  |        1|   0|   0|    0|   172|   32|     1|         5504|
    |weights1_40_U  |myip_v1_0_HLS_weiPgM  |        1|   0|   0|    0|   172|   32|     1|         5504|
    |weights1_41_U  |myip_v1_0_HLS_weiQgW  |        1|   0|   0|    0|   172|   32|     1|         5504|
    |weights2_U     |myip_v1_0_HLS_weiRg6  |       12|   0|   0|    0|   860|   32|     1|        27520|
    |weights1_0_U   |myip_v1_0_HLS_weibkb  |        1|   0|   0|    0|   172|   32|     1|         5504|
    |weights1_1_U   |myip_v1_0_HLS_weicud  |        1|   0|   0|    0|   172|   32|     1|         5504|
    |weights1_2_U   |myip_v1_0_HLS_weidEe  |        1|   0|   0|    0|   172|   32|     1|         5504|
    |weights1_3_U   |myip_v1_0_HLS_weieOg  |        1|   0|   0|    0|   172|   32|     1|         5504|
    |weights1_4_U   |myip_v1_0_HLS_weifYi  |        1|   0|   0|    0|   172|   32|     1|         5504|
    |weights1_5_U   |myip_v1_0_HLS_weig8j  |        1|   0|   0|    0|   172|   32|     1|         5504|
    |weights1_6_U   |myip_v1_0_HLS_weihbi  |        1|   0|   0|    0|   172|   32|     1|         5504|
    |weights1_7_U   |myip_v1_0_HLS_weiibs  |        1|   0|   0|    0|   172|   32|     1|         5504|
    |weights1_8_U   |myip_v1_0_HLS_weijbC  |        1|   0|   0|    0|   172|   32|     1|         5504|
    |weights1_9_U   |myip_v1_0_HLS_weikbM  |        1|   0|   0|    0|   172|   32|     1|         5504|
    |weights1_10_U  |myip_v1_0_HLS_weilbW  |        1|   0|   0|    0|   172|   32|     1|         5504|
    |weights1_11_U  |myip_v1_0_HLS_weimb6  |        1|   0|   0|    0|   172|   32|     1|         5504|
    |weights1_12_U  |myip_v1_0_HLS_weincg  |        1|   0|   0|    0|   172|   32|     1|         5504|
    |weights1_13_U  |myip_v1_0_HLS_weiocq  |        1|   0|   0|    0|   172|   32|     1|         5504|
    |weights1_14_U  |myip_v1_0_HLS_weipcA  |        1|   0|   0|    0|   172|   32|     1|         5504|
    |weights1_15_U  |myip_v1_0_HLS_weiqcK  |        1|   0|   0|    0|   172|   32|     1|         5504|
    |weights1_16_U  |myip_v1_0_HLS_weircU  |        1|   0|   0|    0|   172|   32|     1|         5504|
    |weights1_17_U  |myip_v1_0_HLS_weisc4  |        1|   0|   0|    0|   172|   32|     1|         5504|
    |weights1_18_U  |myip_v1_0_HLS_weitde  |        1|   0|   0|    0|   172|   32|     1|         5504|
    |weights1_19_U  |myip_v1_0_HLS_weiudo  |        1|   0|   0|    0|   172|   32|     1|         5504|
    |weights1_20_U  |myip_v1_0_HLS_weivdy  |        1|   0|   0|    0|   172|   32|     1|         5504|
    |weights1_21_U  |myip_v1_0_HLS_weiwdI  |        1|   0|   0|    0|   172|   32|     1|         5504|
    |weights1_22_U  |myip_v1_0_HLS_weixdS  |        1|   0|   0|    0|   172|   32|     1|         5504|
    |weights1_23_U  |myip_v1_0_HLS_weiyd2  |        1|   0|   0|    0|   172|   32|     1|         5504|
    |weights1_24_U  |myip_v1_0_HLS_weizec  |        1|   0|   0|    0|   172|   32|     1|         5504|
    +---------------+----------------------+---------+----+----+-----+------+-----+------+-------------+
    |Total          |                      |       59|  96|   6|    0|  8480| 1536|    48|       271360|
    +---------------+----------------------+---------+----+----+-----+------+-----+------+-------------+

    * FIFO: 
    N/A

    * Expression: 
    +-------------------------+----------+-------+---+----+------------+------------+
    |      Variable Name      | Operation| DSP48E| FF| LUT| Bitwidth P0| Bitwidth P1|
    +-------------------------+----------+-------+---+----+------------+------------+
    |add_ln73_100_fu_6345_p2  |     +    |      0|  0|  17|          10|          10|
    |add_ln73_101_fu_6355_p2  |     +    |      0|  0|  17|          10|          10|
    |add_ln73_102_fu_6374_p2  |     +    |      0|  0|  17|          10|          10|
    |add_ln73_103_fu_6384_p2  |     +    |      0|  0|  17|          10|          10|
    |add_ln73_104_fu_6394_p2  |     +    |      0|  0|  17|          10|          10|
    |add_ln73_105_fu_6404_p2  |     +    |      0|  0|  17|          10|          10|
    |add_ln73_106_fu_6414_p2  |     +    |      0|  0|  17|          10|          10|
    |add_ln73_107_fu_6424_p2  |     +    |      0|  0|  17|          10|          10|
    |add_ln73_108_fu_6434_p2  |     +    |      0|  0|  17|          10|          10|
    |add_ln73_109_fu_6453_p2  |     +    |      0|  0|  17|          10|          10|
    |add_ln73_10_fu_5208_p2   |     +    |      0|  0|  15|           6|           7|
    |add_ln73_110_fu_6463_p2  |     +    |      0|  0|  17|          10|          10|
    |add_ln73_111_fu_6473_p2  |     +    |      0|  0|  17|          10|          10|
    |add_ln73_112_fu_6483_p2  |     +    |      0|  0|  17|          10|          10|
    |add_ln73_113_fu_6493_p2  |     +    |      0|  0|  17|          10|          10|
    |add_ln73_114_fu_6503_p2  |     +    |      0|  0|  17|          10|          10|
    |add_ln73_115_fu_6513_p2  |     +    |      0|  0|  17|          10|          10|
    |add_ln73_116_fu_6532_p2  |     +    |      0|  0|  17|          10|          10|
    |add_ln73_117_fu_6542_p2  |     +    |      0|  0|  17|          10|          10|
    |add_ln73_118_fu_6552_p2  |     +    |      0|  0|  17|          10|          10|
    |add_ln73_119_fu_6562_p2  |     +    |      0|  0|  17|          10|          10|
    |add_ln73_11_fu_5219_p2   |     +    |      0|  0|  15|           7|           7|
    |add_ln73_120_fu_6572_p2  |     +    |      0|  0|  17|          10|          10|
    |add_ln73_121_fu_6582_p2  |     +    |      0|  0|  17|          10|          10|
    |add_ln73_122_fu_6592_p2  |     +    |      0|  0|  17|          10|          10|
    |add_ln73_123_fu_6602_p2  |     +    |      0|  0|  17|          10|          10|
    |add_ln73_124_fu_6612_p2  |     +    |      0|  0|  17|          10|          10|
    |add_ln73_125_fu_6622_p2  |     +    |      0|  0|  17|          10|          10|
    |add_ln73_126_fu_6632_p2  |     +    |      0|  0|  17|          10|          10|
    |add_ln73_127_fu_6642_p2  |     +    |      0|  0|  17|          10|          10|
    |add_ln73_128_fu_6652_p2  |     +    |      0|  0|  17|          10|          10|
    |add_ln73_129_fu_6662_p2  |     +    |      0|  0|  17|          10|          10|
    |add_ln73_12_fu_5229_p2   |     +    |      0|  0|  15|           7|           7|
    |add_ln73_130_fu_6672_p2  |     +    |      0|  0|  17|          10|          10|
    |add_ln73_131_fu_6718_p2  |     +    |      0|  0|  16|           9|           9|
    |add_ln73_132_fu_6732_p2  |     +    |      0|  0|  16|           9|           9|
    |add_ln73_133_fu_6746_p2  |     +    |      0|  0|  16|           9|           9|
    |add_ln73_134_fu_6760_p2  |     +    |      0|  0|  16|           9|           9|
    |add_ln73_135_fu_6774_p2  |     +    |      0|  0|  16|           9|           9|
    |add_ln73_136_fu_6788_p2  |     +    |      0|  0|  16|           9|           9|
    |add_ln73_137_fu_6802_p2  |     +    |      0|  0|  16|           9|           9|
    |add_ln73_138_fu_6816_p2  |     +    |      0|  0|  16|           9|           9|
    |add_ln73_139_fu_6830_p2  |     +    |      0|  0|  16|           9|           9|
    |add_ln73_13_fu_5239_p2   |     +    |      0|  0|  15|           7|           7|
    |add_ln73_140_fu_6844_p2  |     +    |      0|  0|  16|           9|           9|
    |add_ln73_141_fu_6858_p2  |     +    |      0|  0|  16|           9|           9|
    |add_ln73_142_fu_6872_p2  |     +    |      0|  0|  16|           9|           9|
    |add_ln73_143_fu_6886_p2  |     +    |      0|  0|  16|           9|           9|
    |add_ln73_144_fu_6900_p2  |     +    |      0|  0|  16|           9|           9|
    |add_ln73_145_fu_6914_p2  |     +    |      0|  0|  16|           9|           9|
    |add_ln73_146_fu_6928_p2  |     +    |      0|  0|  16|           9|           9|
    |add_ln73_14_fu_5258_p2   |     +    |      0|  0|  15|           7|           7|
    |add_ln73_15_fu_5268_p2   |     +    |      0|  0|  15|           7|           7|
    |add_ln73_16_fu_5278_p2   |     +    |      0|  0|  15|           7|           7|
    |add_ln73_17_fu_5288_p2   |     +    |      0|  0|  15|           6|           6|
    |add_ln73_18_fu_5302_p2   |     +    |      0|  0|  15|           6|           6|
    |add_ln73_19_fu_5316_p2   |     +    |      0|  0|  15|           6|           6|
    |add_ln73_1_fu_5026_p2    |     +    |      0|  0|  12|           4|           4|
    |add_ln73_20_fu_5123_p2   |     +    |      0|  0|  15|           5|           5|
    |add_ln73_21_fu_5343_p2   |     +    |      0|  0|  15|           7|           8|
    |add_ln73_22_fu_5354_p2   |     +    |      0|  0|  15|           8|           8|
    |add_ln73_23_fu_5364_p2   |     +    |      0|  0|  15|           8|           8|
    |add_ln73_24_fu_5374_p2   |     +    |      0|  0|  15|           8|           8|
    |add_ln73_25_fu_5384_p2   |     +    |      0|  0|  15|           8|           8|
    |add_ln73_26_fu_5394_p2   |     +    |      0|  0|  15|           8|           8|
    |add_ln73_27_fu_5404_p2   |     +    |      0|  0|  15|           8|           8|
    |add_ln73_28_fu_5423_p2   |     +    |      0|  0|  15|           8|           8|
    |add_ln73_29_fu_5433_p2   |     +    |      0|  0|  15|           8|           8|
    |add_ln73_2_fu_5074_p2    |     +    |      0|  0|  15|           4|           5|
    |add_ln73_30_fu_5443_p2   |     +    |      0|  0|  15|           8|           8|
    |add_ln73_31_fu_5453_p2   |     +    |      0|  0|  15|           8|           8|
    |add_ln73_32_fu_5463_p2   |     +    |      0|  0|  15|           8|           8|
    |add_ln73_33_fu_5473_p2   |     +    |      0|  0|  15|           8|           8|
    |add_ln73_34_fu_5483_p2   |     +    |      0|  0|  15|           7|           7|
    |add_ln73_35_fu_5506_p2   |     +    |      0|  0|  15|           7|           7|
    |add_ln73_36_fu_5520_p2   |     +    |      0|  0|  15|           7|           7|
    |add_ln73_37_fu_5534_p2   |     +    |      0|  0|  15|           7|           7|
    |add_ln73_38_fu_5548_p2   |     +    |      0|  0|  15|           7|           7|
    |add_ln73_39_fu_5646_p2   |     +    |      0|  0|  15|           6|           6|
    |add_ln73_3_fu_5085_p2    |     +    |      0|  0|  15|           5|           5|
    |add_ln73_40_fu_5660_p2   |     +    |      0|  0|  15|           6|           6|
    |add_ln73_41_fu_5674_p2   |     +    |      0|  0|  15|           6|           6|
    |add_ln73_42_fu_5137_p2   |     +    |      0|  0|  15|           5|           5|
    |add_ln73_43_fu_5743_p2   |     +    |      0|  0|  16|           8|           9|
    |add_ln73_44_fu_5754_p2   |     +    |      0|  0|  16|           9|           9|
    |add_ln73_45_fu_5764_p2   |     +    |      0|  0|  16|           9|           9|
    |add_ln73_46_fu_5774_p2   |     +    |      0|  0|  16|           9|           9|
    |add_ln73_47_fu_5784_p2   |     +    |      0|  0|  16|           9|           9|
    |add_ln73_48_fu_5803_p2   |     +    |      0|  0|  16|           9|           9|
    |add_ln73_49_fu_5813_p2   |     +    |      0|  0|  16|           9|           9|
    |add_ln73_4_fu_5037_p2    |     +    |      0|  0|  12|           4|           4|
    |add_ln73_50_fu_5823_p2   |     +    |      0|  0|  16|           9|           9|
    |add_ln73_51_fu_5833_p2   |     +    |      0|  0|  16|           9|           9|
    |add_ln73_52_fu_5843_p2   |     +    |      0|  0|  16|           9|           9|
    |add_ln73_53_fu_5853_p2   |     +    |      0|  0|  16|           9|           9|
    |add_ln73_54_fu_5863_p2   |     +    |      0|  0|  16|           9|           9|
    |add_ln73_55_fu_5882_p2   |     +    |      0|  0|  16|           9|           9|
    |add_ln73_56_fu_5892_p2   |     +    |      0|  0|  16|           9|           9|
    |add_ln73_57_fu_5902_p2   |     +    |      0|  0|  16|           9|           9|
    |add_ln73_58_fu_5912_p2   |     +    |      0|  0|  16|           9|           9|
    |add_ln73_59_fu_5922_p2   |     +    |      0|  0|  16|           9|           9|
    |add_ln73_5_fu_5164_p2    |     +    |      0|  0|  15|           5|           6|
    |add_ln73_60_fu_5932_p2   |     +    |      0|  0|  16|           9|           9|
    |add_ln73_61_fu_5942_p2   |     +    |      0|  0|  16|           9|           9|
    |add_ln73_62_fu_5961_p2   |     +    |      0|  0|  16|           9|           9|
    |add_ln73_63_fu_5971_p2   |     +    |      0|  0|  16|           9|           9|
    |add_ln73_64_fu_5981_p2   |     +    |      0|  0|  16|           9|           9|
    |add_ln73_65_fu_5991_p2   |     +    |      0|  0|  16|           9|           9|
    |add_ln73_66_fu_6001_p2   |     +    |      0|  0|  15|           8|           8|
    |add_ln73_67_fu_6015_p2   |     +    |      0|  0|  15|           8|           8|
    |add_ln73_68_fu_6029_p2   |     +    |      0|  0|  15|           8|           8|
    |add_ln73_69_fu_6052_p2   |     +    |      0|  0|  15|           8|           8|
    |add_ln73_6_fu_5175_p2    |     +    |      0|  0|  15|           6|           6|
    |add_ln73_70_fu_6066_p2   |     +    |      0|  0|  15|           8|           8|
    |add_ln73_71_fu_6080_p2   |     +    |      0|  0|  15|           8|           8|
    |add_ln73_72_fu_6094_p2   |     +    |      0|  0|  15|           8|           8|
    |add_ln73_73_fu_6108_p2   |     +    |      0|  0|  15|           8|           8|
    |add_ln73_74_fu_6122_p2   |     +    |      0|  0|  15|           8|           8|
    |add_ln73_75_fu_6136_p2   |     +    |      0|  0|  15|           8|           8|
    |add_ln73_76_fu_6150_p2   |     +    |      0|  0|  15|           8|           8|
    |add_ln73_77_fu_5562_p2   |     +    |      0|  0|  15|           7|           7|
    |add_ln73_78_fu_5576_p2   |     +    |      0|  0|  15|           7|           7|
    |add_ln73_79_fu_5590_p2   |     +    |      0|  0|  15|           7|           7|
    |add_ln73_7_fu_5194_p2    |     +    |      0|  0|  15|           6|           6|
    |add_ln73_80_fu_5604_p2   |     +    |      0|  0|  15|           7|           7|
    |add_ln73_81_fu_5618_p2   |     +    |      0|  0|  15|           7|           7|
    |add_ln73_82_fu_5632_p2   |     +    |      0|  0|  15|           7|           7|
    |add_ln73_83_fu_5688_p2   |     +    |      0|  0|  15|           6|           6|
    |add_ln73_84_fu_5702_p2   |     +    |      0|  0|  15|           6|           6|
    |add_ln73_85_fu_5716_p2   |     +    |      0|  0|  15|           6|           6|
    |add_ln73_86_fu_6186_p2   |     +    |      0|  0|  17|           9|          10|
    |add_ln73_87_fu_6197_p2   |     +    |      0|  0|  17|          10|          10|
    |add_ln73_88_fu_6216_p2   |     +    |      0|  0|  17|          10|          10|
    |add_ln73_89_fu_6226_p2   |     +    |      0|  0|  17|          10|          10|
    |add_ln73_8_fu_5095_p2    |     +    |      0|  0|  15|           5|           5|
    |add_ln73_90_fu_6236_p2   |     +    |      0|  0|  17|          10|          10|
    |add_ln73_91_fu_6246_p2   |     +    |      0|  0|  17|          10|          10|
    |add_ln73_92_fu_6256_p2   |     +    |      0|  0|  17|          10|          10|
    |add_ln73_93_fu_6266_p2   |     +    |      0|  0|  17|          10|          10|
    |add_ln73_94_fu_6276_p2   |     +    |      0|  0|  17|          10|          10|
    |add_ln73_95_fu_6295_p2   |     +    |      0|  0|  17|          10|          10|
    |add_ln73_96_fu_6305_p2   |     +    |      0|  0|  17|          10|          10|
    |add_ln73_97_fu_6315_p2   |     +    |      0|  0|  17|          10|          10|
    |add_ln73_98_fu_6325_p2   |     +    |      0|  0|  17|          10|          10|
    |add_ln73_99_fu_6335_p2   |     +    |      0|  0|  17|          10|          10|
    |add_ln73_9_fu_5109_p2    |     +    |      0|  0|  15|           5|           5|
    |add_ln73_fu_5015_p2      |     +    |      0|  0|  12|           3|           4|
    |word_cnt_4_fu_4932_p2    |     +    |      0|  0|  15|           8|           1|
    |word_cnt_5_fu_5000_p2    |     +    |      0|  0|  11|           3|           1|
    |word_cnt_6_fu_6999_p2    |     +    |      0|  0|  11|           3|           1|
    |word_cnt_fu_4910_p2      |     +    |      0|  0|  15|           6|           1|
    |and_ln61_fu_4979_p2      |    and   |      0|  0|   2|           1|           1|
    |and_ln76_fu_6978_p2      |    and   |      0|  0|   2|           1|           1|
    |ap_block_state2          |    and   |      0|  0|   2|           1|           1|
    |icmp_ln48_fu_4904_p2     |   icmp   |      0|  0|  11|           6|           6|
    |icmp_ln54_fu_4926_p2     |   icmp   |      0|  0|  11|           8|           8|
    |icmp_ln61_1_fu_4967_p2   |   icmp   |      0|  0|  20|          23|           1|
    |icmp_ln61_fu_4961_p2     |   icmp   |      0|  0|  11|           8|           2|
    |icmp_ln70_fu_4994_p2     |   icmp   |      0|  0|   9|           3|           3|
    |icmp_ln76_1_fu_6966_p2   |   icmp   |      0|  0|  20|          23|           1|
    |icmp_ln76_fu_6960_p2     |   icmp   |      0|  0|  11|           8|           2|
    |icmp_ln99_fu_6993_p2     |   icmp   |      0|  0|   9|           3|           3|
    |tmp_last_fu_7010_p2      |   icmp   |      0|  0|   9|           3|           4|
    |or_ln61_fu_4973_p2       |    or    |      0|  0|   2|           1|           1|
    |or_ln76_fu_6972_p2       |    or    |      0|  0|   2|           1|           1|
    |v2_d0                    |  select  |      0|  0|  32|           1|          32|
    |v_d0                     |  select  |      0|  0|  32|           1|          32|
    +-------------------------+----------+-------+---+----+------------+------------+
    |Total                    |          |      0|  0|2562|        1338|        1336|
    +-------------------------+----------+-------+---+----+------------+------------+

    * Multiplexer: 
    +---------------------+------+-----------+-----+-----------+
    |         Name        |  LUT | Input Size| Bits| Total Bits|
    +---------------------+------+-----------+-----+-----------+
    |M_AXIS_TDATA_blk_n   |     9|          2|    1|          2|
    |S_AXIS_TDATA_blk_n   |     9|          2|    1|          2|
    |ap_NS_fsm            |  2193|        771|    1|        771|
    |grp_fu_4680_p0       |    15|          3|   32|         96|
    |grp_fu_4680_p1       |   121|         26|   32|        832|
    |grp_fu_4685_p0       |   193|         44|   32|       1408|
    |grp_fu_4685_p1       |   733|        167|   32|       5344|
    |grp_fu_4732_p1       |    44|          9|   32|        288|
    |grp_fu_4737_p1       |    44|          9|   32|        288|
    |grp_fu_4742_p1       |    44|          9|   32|        288|
    |grp_fu_4747_p1       |    41|          8|   32|        256|
    |grp_fu_4752_p1       |    38|          7|   32|        224|
    |grp_fu_4757_p1       |    27|          5|   32|        160|
    |grp_fu_4762_p1       |    21|          4|   32|        128|
    |grp_fu_4767_p1       |    15|          3|   32|         96|
    |input_address0       |   109|         23|    6|        138|
    |input_address1       |   105|         22|    6|        132|
    |v2_address0          |    15|          3|    3|          9|
    |v_address0           |   385|         88|    8|        704|
    |v_address1           |   381|         87|    8|        696|
    |weights2_address0    |   536|        125|   10|       1250|
    |weights2_address1    |    44|          9|   10|         90|
    |weights2_address2    |    44|          9|   10|         90|
    |weights2_address3    |    44|          9|   10|         90|
    |weights2_address4    |    41|          8|   10|         80|
    |weights2_address5    |    38|          7|   10|         70|
    |weights2_address6    |    27|          5|   10|         50|
    |weights2_address7    |    21|          4|   10|         40|
    |weights2_address8    |    15|          3|   10|         30|
    |word_cnt_0_reg_4635  |     9|          2|    6|         12|
    |word_cnt_1_reg_4646  |     9|          2|    8|         16|
    |word_cnt_2_reg_4657  |     9|          2|    3|          6|
    |word_cnt_3_reg_4669  |     9|          2|    3|          6|
    +---------------------+------+-----------+-----+-----------+
    |Total                |  5388|       1479|  528|      13692|
    +---------------------+------+-----------+-----+-----------+

    * Register: 
    +------------------------+-----+----+-----+-----------+
    |          Name          |  FF | LUT| Bits| Const Bits|
    +------------------------+-----+----+-----+-----------+
    |ap_CS_fsm               |  770|   0|  770|          0|
    |bias1_load_reg_7934     |   32|   0|   32|          0|
    |bias2_load_reg_10745    |   32|   0|   32|          0|
    |input_load_10_reg_7134  |   32|   0|   32|          0|
    |input_load_11_reg_7139  |   32|   0|   32|          0|
    |input_load_12_reg_7154  |   32|   0|   32|          0|
    |input_load_13_reg_7159  |   32|   0|   32|          0|
    |input_load_14_reg_7174  |   32|   0|   32|          0|
    |input_load_15_reg_7179  |   32|   0|   32|          0|
    |input_load_16_reg_7194  |   32|   0|   32|          0|
    |input_load_17_reg_7199  |   32|   0|   32|          0|
    |input_load_18_reg_7214  |   32|   0|   32|          0|
    |input_load_19_reg_7219  |   32|   0|   32|          0|
    |input_load_1_reg_7039   |   32|   0|   32|          0|
    |input_load_20_reg_7234  |   32|   0|   32|          0|
    |input_load_21_reg_7239  |   32|   0|   32|          0|
    |input_load_22_reg_7254  |   32|   0|   32|          0|
    |input_load_23_reg_7259  |   32|   0|   32|          0|
    |input_load_24_reg_7274  |   32|   0|   32|          0|
    |input_load_25_reg_7279  |   32|   0|   32|          0|
    |input_load_26_reg_7294  |   32|   0|   32|          0|
    |input_load_27_reg_7299  |   32|   0|   32|          0|
    |input_load_28_reg_7314  |   32|   0|   32|          0|
    |input_load_29_reg_7319  |   32|   0|   32|          0|
    |input_load_2_reg_7054   |   32|   0|   32|          0|
    |input_load_30_reg_7334  |   32|   0|   32|          0|
    |input_load_31_reg_7339  |   32|   0|   32|          0|
    |input_load_32_reg_7354  |   32|   0|   32|          0|
    |input_load_33_reg_7359  |   32|   0|   32|          0|
    |input_load_34_reg_7374  |   32|   0|   32|          0|
    |input_load_35_reg_7379  |   32|   0|   32|          0|
    |input_load_36_reg_7394  |   32|   0|   32|          0|
    |input_load_37_reg_7399  |   32|   0|   32|          0|
    |input_load_38_reg_7414  |   32|   0|   32|          0|
    |input_load_39_reg_7419  |   32|   0|   32|          0|
    |input_load_3_reg_7059   |   32|   0|   32|          0|
    |input_load_40_reg_7434  |   32|   0|   32|          0|
    |input_load_41_reg_7439  |   32|   0|   32|          0|
    |input_load_4_reg_7074   |   32|   0|   32|          0|
    |input_load_5_reg_7079   |   32|   0|   32|          0|
    |input_load_6_reg_7094   |   32|   0|   32|          0|
    |input_load_7_reg_7099   |   32|   0|   32|          0|
    |input_load_8_reg_7114   |   32|   0|   32|          0|
    |input_load_9_reg_7119   |   32|   0|   32|          0|
    |input_load_reg_7034     |   32|   0|   32|          0|
    |reg_4787                |   32|   0|   32|          0|
    |reg_4793                |   32|   0|   32|          0|
    |reg_4824                |   32|   0|   32|          0|
    |reg_4829                |   32|   0|   32|          0|
    |reg_4834                |   32|   0|   32|          0|
    |reg_4839                |   32|   0|   32|          0|
    |reg_4849                |   32|   0|   32|          0|
    |reg_4854                |   32|   0|   32|          0|
    |reg_4859                |   32|   0|   32|          0|
    |reg_4864                |   32|   0|   32|          0|
    |reg_4874                |   32|   0|   32|          0|
    |reg_4879                |   32|   0|   32|          0|
    |reg_4889                |   32|   0|   32|          0|
    |reg_4899                |   32|   0|   32|          0|
    |tmp_8_150_reg_10630     |   32|   0|   32|          0|
    |tmp_8_152_reg_10635     |   32|   0|   32|          0|
    |tmp_8_85_reg_10302      |   32|   0|   32|          0|
    |tmp_8_86_reg_10307      |   32|   0|   32|          0|
    |tmp_8_92_reg_10010      |   32|   0|   32|          0|
    |tmp_8_93_reg_10015      |   32|   0|   32|          0|
    |tmp_8_96_reg_10050      |   32|   0|   32|          0|
    |tmp_8_97_reg_10055      |   32|   0|   32|          0|
    |tmp_8_98_reg_10060      |   32|   0|   32|          0|
    |tmp_last_reg_10763      |    1|   0|    1|          0|
    |v_load_100_reg_8939     |   32|   0|   32|          0|
    |v_load_101_reg_8944     |   32|   0|   32|          0|
    |v_load_102_reg_8959     |   32|   0|   32|          0|
    |v_load_103_reg_8964     |   32|   0|   32|          0|
    |v_load_104_reg_8979     |   32|   0|   32|          0|
    |v_load_105_reg_8984     |   32|   0|   32|          0|
    |v_load_106_reg_8999     |   32|   0|   32|          0|
    |v_load_107_reg_9004     |   32|   0|   32|          0|
    |v_load_108_reg_9019     |   32|   0|   32|          0|
    |v_load_109_reg_9024     |   32|   0|   32|          0|
    |v_load_10_reg_8039      |   32|   0|   32|          0|
    |v_load_110_reg_9039     |   32|   0|   32|          0|
    |v_load_111_reg_9044     |   32|   0|   32|          0|
    |v_load_112_reg_9059     |   32|   0|   32|          0|
    |v_load_113_reg_9064     |   32|   0|   32|          0|
    |v_load_114_reg_9079     |   32|   0|   32|          0|
    |v_load_115_reg_9084     |   32|   0|   32|          0|
    |v_load_116_reg_9099     |   32|   0|   32|          0|
    |v_load_117_reg_9104     |   32|   0|   32|          0|
    |v_load_118_reg_9119     |   32|   0|   32|          0|
    |v_load_119_reg_9124     |   32|   0|   32|          0|
    |v_load_11_reg_8044      |   32|   0|   32|          0|
    |v_load_120_reg_9139     |   32|   0|   32|          0|
    |v_load_121_reg_9144     |   32|   0|   32|          0|
    |v_load_122_reg_9159     |   32|   0|   32|          0|
    |v_load_123_reg_9164     |   32|   0|   32|          0|
    |v_load_124_reg_9179     |   32|   0|   32|          0|
    |v_load_125_reg_9184     |   32|   0|   32|          0|
    |v_load_126_reg_9199     |   32|   0|   32|          0|
    |v_load_127_reg_9204     |   32|   0|   32|          0|
    |v_load_128_reg_9219     |   32|   0|   32|          0|
    |v_load_129_reg_9224     |   32|   0|   32|          0|
    |v_load_12_reg_8059      |   32|   0|   32|          0|
    |v_load_130_reg_9239     |   32|   0|   32|          0|
    |v_load_131_reg_9244     |   32|   0|   32|          0|
    |v_load_132_reg_9259     |   32|   0|   32|          0|
    |v_load_133_reg_9264     |   32|   0|   32|          0|
    |v_load_134_reg_9279     |   32|   0|   32|          0|
    |v_load_135_reg_9284     |   32|   0|   32|          0|
    |v_load_136_reg_9299     |   32|   0|   32|          0|
    |v_load_137_reg_9304     |   32|   0|   32|          0|
    |v_load_138_reg_9319     |   32|   0|   32|          0|
    |v_load_139_reg_9324     |   32|   0|   32|          0|
    |v_load_13_reg_8064      |   32|   0|   32|          0|
    |v_load_140_reg_9339     |   32|   0|   32|          0|
    |v_load_141_reg_9344     |   32|   0|   32|          0|
    |v_load_142_reg_9359     |   32|   0|   32|          0|
    |v_load_143_reg_9364     |   32|   0|   32|          0|
    |v_load_144_reg_9379     |   32|   0|   32|          0|
    |v_load_145_reg_9384     |   32|   0|   32|          0|
    |v_load_146_reg_9399     |   32|   0|   32|          0|
    |v_load_147_reg_9404     |   32|   0|   32|          0|
    |v_load_148_reg_9419     |   32|   0|   32|          0|
    |v_load_149_reg_9424     |   32|   0|   32|          0|
    |v_load_14_reg_8079      |   32|   0|   32|          0|
    |v_load_150_reg_9439     |   32|   0|   32|          0|
    |v_load_151_reg_9444     |   32|   0|   32|          0|
    |v_load_152_reg_9459     |   32|   0|   32|          0|
    |v_load_153_reg_9464     |   32|   0|   32|          0|
    |v_load_154_reg_9479     |   32|   0|   32|          0|
    |v_load_155_reg_9484     |   32|   0|   32|          0|
    |v_load_156_reg_9499     |   32|   0|   32|          0|
    |v_load_157_reg_9504     |   32|   0|   32|          0|
    |v_load_158_reg_9519     |   32|   0|   32|          0|
    |v_load_159_reg_9524     |   32|   0|   32|          0|
    |v_load_15_reg_8084      |   32|   0|   32|          0|
    |v_load_160_reg_9539     |   32|   0|   32|          0|
    |v_load_161_reg_9544     |   32|   0|   32|          0|
    |v_load_162_reg_9559     |   32|   0|   32|          0|
    |v_load_163_reg_9564     |   32|   0|   32|          0|
    |v_load_164_reg_9579     |   32|   0|   32|          0|
    |v_load_165_reg_9584     |   32|   0|   32|          0|
    |v_load_166_reg_9599     |   32|   0|   32|          0|
    |v_load_167_reg_9604     |   32|   0|   32|          0|
    |v_load_168_reg_9619     |   32|   0|   32|          0|
    |v_load_169_reg_9624     |   32|   0|   32|          0|
    |v_load_16_reg_8099      |   32|   0|   32|          0|
    |v_load_170_reg_9639     |   32|   0|   32|          0|
    |v_load_171_reg_9644     |   32|   0|   32|          0|
    |v_load_17_reg_8104      |   32|   0|   32|          0|
    |v_load_18_reg_8119      |   32|   0|   32|          0|
    |v_load_19_reg_8124      |   32|   0|   32|          0|
    |v_load_1_reg_7944       |   32|   0|   32|          0|
    |v_load_20_reg_8139      |   32|   0|   32|          0|
    |v_load_21_reg_8144      |   32|   0|   32|          0|
    |v_load_22_reg_8159      |   32|   0|   32|          0|
    |v_load_23_reg_8164      |   32|   0|   32|          0|
    |v_load_24_reg_8179      |   32|   0|   32|          0|
    |v_load_25_reg_8184      |   32|   0|   32|          0|
    |v_load_26_reg_8199      |   32|   0|   32|          0|
    |v_load_27_reg_8204      |   32|   0|   32|          0|
    |v_load_28_reg_8219      |   32|   0|   32|          0|
    |v_load_29_reg_8224      |   32|   0|   32|          0|
    |v_load_2_reg_7959       |   32|   0|   32|          0|
    |v_load_30_reg_8239      |   32|   0|   32|          0|
    |v_load_31_reg_8244      |   32|   0|   32|          0|
    |v_load_32_reg_8259      |   32|   0|   32|          0|
    |v_load_33_reg_8264      |   32|   0|   32|          0|
    |v_load_34_reg_8279      |   32|   0|   32|          0|
    |v_load_35_reg_8284      |   32|   0|   32|          0|
    |v_load_36_reg_8299      |   32|   0|   32|          0|
    |v_load_37_reg_8304      |   32|   0|   32|          0|
    |v_load_38_reg_8319      |   32|   0|   32|          0|
    |v_load_39_reg_8324      |   32|   0|   32|          0|
    |v_load_3_reg_7964       |   32|   0|   32|          0|
    |v_load_40_reg_8339      |   32|   0|   32|          0|
    |v_load_41_reg_8344      |   32|   0|   32|          0|
    |v_load_42_reg_8359      |   32|   0|   32|          0|
    |v_load_43_reg_8364      |   32|   0|   32|          0|
    |v_load_44_reg_8379      |   32|   0|   32|          0|
    |v_load_45_reg_8384      |   32|   0|   32|          0|
    |v_load_46_reg_8399      |   32|   0|   32|          0|
    |v_load_47_reg_8404      |   32|   0|   32|          0|
    |v_load_48_reg_8419      |   32|   0|   32|          0|
    |v_load_49_reg_8424      |   32|   0|   32|          0|
    |v_load_4_reg_7979       |   32|   0|   32|          0|
    |v_load_50_reg_8439      |   32|   0|   32|          0|
    |v_load_51_reg_8444      |   32|   0|   32|          0|
    |v_load_52_reg_8459      |   32|   0|   32|          0|
    |v_load_53_reg_8464      |   32|   0|   32|          0|
    |v_load_54_reg_8479      |   32|   0|   32|          0|
    |v_load_55_reg_8484      |   32|   0|   32|          0|
    |v_load_56_reg_8499      |   32|   0|   32|          0|
    |v_load_57_reg_8504      |   32|   0|   32|          0|
    |v_load_58_reg_8519      |   32|   0|   32|          0|
    |v_load_59_reg_8524      |   32|   0|   32|          0|
    |v_load_5_reg_7984       |   32|   0|   32|          0|
    |v_load_60_reg_8539      |   32|   0|   32|          0|
    |v_load_61_reg_8544      |   32|   0|   32|          0|
    |v_load_62_reg_8559      |   32|   0|   32|          0|
    |v_load_63_reg_8564      |   32|   0|   32|          0|
    |v_load_64_reg_8579      |   32|   0|   32|          0|
    |v_load_65_reg_8584      |   32|   0|   32|          0|
    |v_load_66_reg_8599      |   32|   0|   32|          0|
    |v_load_67_reg_8604      |   32|   0|   32|          0|
    |v_load_68_reg_8619      |   32|   0|   32|          0|
    |v_load_69_reg_8624      |   32|   0|   32|          0|
    |v_load_6_reg_7999       |   32|   0|   32|          0|
    |v_load_70_reg_8639      |   32|   0|   32|          0|
    |v_load_71_reg_8644      |   32|   0|   32|          0|
    |v_load_72_reg_8659      |   32|   0|   32|          0|
    |v_load_73_reg_8664      |   32|   0|   32|          0|
    |v_load_74_reg_8679      |   32|   0|   32|          0|
    |v_load_75_reg_8684      |   32|   0|   32|          0|
    |v_load_76_reg_8699      |   32|   0|   32|          0|
    |v_load_77_reg_8704      |   32|   0|   32|          0|
    |v_load_78_reg_8719      |   32|   0|   32|          0|
    |v_load_79_reg_8724      |   32|   0|   32|          0|
    |v_load_7_reg_8004       |   32|   0|   32|          0|
    |v_load_80_reg_8739      |   32|   0|   32|          0|
    |v_load_81_reg_8744      |   32|   0|   32|          0|
    |v_load_82_reg_8759      |   32|   0|   32|          0|
    |v_load_83_reg_8764      |   32|   0|   32|          0|
    |v_load_84_reg_8779      |   32|   0|   32|          0|
    |v_load_85_reg_8784      |   32|   0|   32|          0|
    |v_load_86_reg_8799      |   32|   0|   32|          0|
    |v_load_87_reg_8804      |   32|   0|   32|          0|
    |v_load_88_reg_8819      |   32|   0|   32|          0|
    |v_load_89_reg_8824      |   32|   0|   32|          0|
    |v_load_8_reg_8019       |   32|   0|   32|          0|
    |v_load_90_reg_8839      |   32|   0|   32|          0|
    |v_load_91_reg_8844      |   32|   0|   32|          0|
    |v_load_92_reg_8859      |   32|   0|   32|          0|
    |v_load_93_reg_8864      |   32|   0|   32|          0|
    |v_load_94_reg_8879      |   32|   0|   32|          0|
    |v_load_95_reg_8884      |   32|   0|   32|          0|
    |v_load_96_reg_8899      |   32|   0|   32|          0|
    |v_load_97_reg_8904      |   32|   0|   32|          0|
    |v_load_98_reg_8919      |   32|   0|   32|          0|
    |v_load_99_reg_8924      |   32|   0|   32|          0|
    |v_load_9_reg_8024       |   32|   0|   32|          0|
    |v_load_reg_7939         |   32|   0|   32|          0|
    |word_cnt_0_reg_4635     |    6|   0|    6|          0|
    |word_cnt_1_reg_4646     |    8|   0|    8|          0|
    |word_cnt_2_reg_4657     |    3|   0|    3|          0|
    |word_cnt_3_reg_4669     |    3|   0|    3|          0|
    |word_cnt_4_reg_7447     |    8|   0|    8|          0|
    |word_cnt_5_reg_9652     |    3|   0|    3|          0|
    |word_cnt_6_reg_10753    |    3|   0|    3|          0|
    |zext_ln57_reg_7452      |    8|   0|   64|         56|
    |zext_ln73_1_reg_10322   |    3|   0|   10|          7|
    |zext_ln73_2_reg_10070   |    3|   0|    9|          6|
    |zext_ln73_4_reg_9693    |    3|   0|    5|          2|
    |zext_ln73_5_reg_9737    |    3|   0|    6|          3|
    |zext_ln73_6_reg_9772    |    3|   0|    7|          4|
    |zext_ln73_7_reg_9853    |    3|   0|    8|          5|
    |zext_ln73_reg_9657      |    3|   0|   64|         61|
    +------------------------+-----+----+-----+-----------+
    |Total                   | 8482|   0| 8626|        144|
    +------------------------+-----+----+-----+-----------+



================================================================
== Interface
================================================================
* Summary: 
+---------------+-----+-----+--------------+---------------+--------------+
|   RTL Ports   | Dir | Bits|   Protocol   | Source Object |    C Type    |
+---------------+-----+-----+--------------+---------------+--------------+
|ap_clk         |  in |    1| ap_ctrl_none | myip_v1_0_HLS | return value |
|ap_rst_n       |  in |    1| ap_ctrl_none | myip_v1_0_HLS | return value |
|S_AXIS_TDATA   |  in |   32|     axis     | S_AXIS_V_data |    pointer   |
|S_AXIS_TVALID  |  in |    1|     axis     | S_AXIS_V_last |    pointer   |
|S_AXIS_TREADY  | out |    1|     axis     | S_AXIS_V_last |    pointer   |
|S_AXIS_TLAST   |  in |    1|     axis     | S_AXIS_V_last |    pointer   |
|M_AXIS_TDATA   | out |   32|     axis     | M_AXIS_V_data |    pointer   |
|M_AXIS_TVALID  | out |    1|     axis     | M_AXIS_V_last |    pointer   |
|M_AXIS_TREADY  |  in |    1|     axis     | M_AXIS_V_last |    pointer   |
|M_AXIS_TLAST   | out |    1|     axis     | M_AXIS_V_last |    pointer   |
+---------------+-----+-----+--------------+---------------+--------------+

